******************************************************************************
                  TI ARM Linker PC v20.2.1                     
******************************************************************************
>> Linked Mon Apr 26 16:34:39 2021

OUTPUT FILE NAME:   <cnc_ctrlv1_timers.out>
ENTRY POINT SYMBOL: "_c_int00_noargs"  address: 00000ac1


MEMORY CONFIGURATION

         name            origin    length      used     unused   attr    fill
----------------------  --------  ---------  --------  --------  ----  --------
  FLASH                 00000000   00100000  00000e0e  000ff1f2  R  X
  SRAM                  20000000   00040000  0000042d  0003fbd3  RW X


SEGMENT ALLOCATION MAP

run origin  load origin   length   init length attrs members
----------  ----------- ---------- ----------- ----- -------
00000000    00000000    00000e10   00000e10    r-x
  00000000    00000000    00000200   00000200    r-- .intvecs
  00000200    00000200    0000096e   0000096e    r-x .text
  00000b70    00000b70    0000026c   0000026c    r-- .const
  00000ddc    00000ddc    00000004   00000004    r-- .init_array
  00000de0    00000de0    00000030   00000030    r-- .cinit
20000000    20000000    0000042d   00000000    rw-
  20000000    20000000    00000328   00000000    rw- .bss
  20000328    20000328    00000100   00000000    rw- .stack
  20000428    20000428    00000005   00000000    rw- .data


SECTION ALLOCATION MAP

 output                                  attributes/
section   page    origin      length       input sections
--------  ----  ----------  ----------   ----------------
.intvecs   0    00000000    00000200     
                  00000000    00000200     startup_ccs.obj (.intvecs)

.text      0    00000200    0000096e     
                  00000200    00000200     driverlib.lib : sysctl.obj (.text:SysCtlClockFreqSet)
                  00000400    000001ee     uartstdio.obj (.text:UARTvprintf)
                  000005ee    00000002     startup_ccs.obj (.text:FaultISR)
                  000005f0    000000d8     CNC_ctrlv1_timers.obj (.text:_Z12setup_timersv)
                  000006c8    000000b8     CNC_ctrlv1_timers.obj (.text:main)
                  00000780    0000009c     rtsv7M4_T_le_v4SPD16_eabi.lib : memcpy_t2.asm.obj (.text)
                  0000081c    00000068                                   : copy_decompress_lzss.c.obj (.text:decompress:lzss:__TI_decompress_lzss)
                  00000884    00000060     uartstdio.obj (.text:UARTStdioConfig)
                  000008e4    00000060     rtsv7M4_T_le_v4SPD16_eabi.lib : autoinit.c.obj (.text:__TI_auto_init_nobinit:__TI_auto_init_nobinit)
                  00000944    0000005c     CNC_ctrlv1_timers.obj (.text:_Z13ConfigureUARTv)
                  000009a0    00000050     uartstdio.obj (.text:UARTwrite)
                  000009f0    00000048     driverlib.lib : sysctl.obj (.text:_SysCtlFrequencyGet)
                  00000a38    00000048     CNC_ctrlv1_timers.obj (.text:__sti___21_CNC_ctrlv1_timers_cpp_useZ)
                  00000a80    00000040     rtsv7M4_T_le_v4SPD16_eabi.lib : u_divt2.asm.obj (.text)
                  00000ac0    00000034                                   : boot_cortex_m.c.obj (.text:_c_int00_noargs:_c_int00_noargs)
                  00000af4    00000020     driverlib.lib : sysctl.obj (.text:_SysCtlMemTimingGet)
                  00000b14    0000001c     rtsv7M4_T_le_v4SPD16_eabi.lib : copy_zero_init.c.obj (.text:decompress:ZI:__TI_zero_init_nomemset:__TI_zero_init_nomemset)
                  00000b30    0000001a     uartstdio.obj (.text:UARTprintf)
                  00000b4a    0000000e     rtsv7M4_T_le_v4SPD16_eabi.lib : copy_decompress_none.c.obj (.text:decompress:none:__TI_decompress_none)
                  00000b58    00000006     startup_ccs.obj (.text:ResetISR)
                  00000b5e    00000004     rtsv7M4_T_le_v4SPD16_eabi.lib : pre_init.c.obj (.text:_system_pre_init)
                  00000b62    00000004                                   : exit.c.obj (.text:abort:abort)
                  00000b66    00000002     startup_ccs.obj (.text:IntDefaultHandler)
                  00000b68    00000002     startup_ccs.obj (.text:NmiSR)
                  00000b6a    00000002     Motion.obj (.text:_Z10initMotionv)
                  00000b6c    00000002     rtsv7M4_T_le_v4SPD16_eabi.lib : div0.asm.obj (.text)

.const     0    00000b70    0000026c     
                  00000b70    000001b0     driverlib.lib : sysctl.obj (.const:g_pppui32XTALtoVCO)
                  00000d20    0000006c                   : sysctl.obj (.const:g_pui32Xtals)
                  00000d8c    00000030                   : sysctl.obj (.const:g_sXTALtoMEMTIM)
                  00000dbc    0000000c     uartstdio.obj (.const:g_ui32UARTBase)
                  00000dc8    0000000c     uartstdio.obj (.const:g_ui32UARTPeriph)
                  00000dd4    00000008     driverlib.lib : sysctl.obj (.const:g_pui32VCOFrequencies)

.cinit     0    00000de0    00000030     
                  00000de0    0000000c     (__TI_handler_table)
                  00000dec    00000004     --HOLE-- [fill = 0]
                  00000df0    00000008     (.cinit..bss.load) [load image, compression = zero_init]
                  00000df8    00000007     (.cinit..data.load) [load image, compression = lzss]
                  00000dff    00000001     --HOLE-- [fill = 0]
                  00000e00    00000010     (__TI_cinit_table)

.init_array 
*          0    00000ddc    00000004     
                  00000ddc    00000004     CNC_ctrlv1_timers.obj (.init_array)

.bss       0    20000000    00000328     UNINITIALIZED
                  20000000    000000cc     CNC_ctrlv1_timers.obj (.bss:kinematics)
                  200000cc    00000004     (.common:g_ui32SysClock)
                  200000d0    000000c8     CNC_ctrlv1_timers.obj (.bss:leftAxis)
                  20000198    000000c8     CNC_ctrlv1_timers.obj (.bss:rightAxis)
                  20000260    000000c8     CNC_ctrlv1_timers.obj (.bss:zAxis)

.data      0    20000428    00000005     UNINITIALIZED
                  20000428    00000005     uartstdio.obj (.data)

.stack     0    20000328    00000100     UNINITIALIZED
                  20000328    00000004     rtsv7M4_T_le_v4SPD16_eabi.lib : boot_cortex_m.c.obj (.stack)
                  2000032c    000000fc     --HOLE--

__llvm_prf_cnts 
*          0    20000000    00000000     UNINITIALIZED

.binit     0    00000000    00000000     

MODULE SUMMARY

       Module                       code   ro data   rw data
       ------                       ----   -------   -------
    .\
       CNC_ctrlv1_timers.obj        564    4         808    
       startup_ccs.obj              12     512       0      
       Motion.obj                   2      0         0      
    +--+----------------------------+------+---------+---------+
       Total:                       578    516       808    
                                                            
    .\utils\
       uartstdio.obj                696    24        5      
    +--+----------------------------+------+---------+---------+
       Total:                       696    24        5      
                                                            
    C:/ti/SW-EK-TM4C1294XL-2.2.0.295/driverlib/ccs/Debug/driverlib.lib
       sysctl.obj                   616    596       0      
    +--+----------------------------+------+---------+---------+
       Total:                       616    596       0      
                                                            
    C:\ti\ccs1010\ccs\tools\compiler\ti-cgt-arm_20.2.1.LTS\lib\rtsv7M4_T_le_v4SPD16_eabi.lib
       memcpy_t2.asm.obj            156    0         0      
       copy_decompress_lzss.c.obj   104    0         0      
       autoinit.c.obj               96     0         0      
       u_divt2.asm.obj              64     0         0      
       boot_cortex_m.c.obj          52     0         0      
       copy_zero_init.c.obj         28     0         0      
       copy_decompress_none.c.obj   14     0         0      
       exit.c.obj                   4      0         0      
       pre_init.c.obj               4      0         0      
       div0.asm.obj                 2      0         0      
    +--+----------------------------+------+---------+---------+
       Total:                       524    0         0      
                                                            
       Stack:                       0      0         256    
       Linker Generated:            0      43        0      
    +--+----------------------------+------+---------+---------+
       Grand Total:                 2414   1179      1069   


LINKER GENERATED COPY TABLES

__TI_cinit_table @ 00000e00 records: 2, size/record: 8, table size: 16
	.bss: load addr=00000df0, load size=00000008 bytes, run addr=20000000, run size=00000328 bytes, compression=zero_init
	.data: load addr=00000df8, load size=00000007 bytes, run addr=20000428, run size=00000005 bytes, compression=lzss


LINKER GENERATED HANDLER TABLE

__TI_handler_table @ 00000de0 records: 3, size/record: 4, table size: 12
	index: 0, handler: __TI_decompress_lzss
	index: 1, handler: __TI_decompress_none
	index: 2, handler: __TI_zero_init


GLOBAL SYMBOLS: SORTED ALPHABETICALLY BY Name 

address   name                                 
-------   ----                                 
00000b63  C$$EXIT                              
00000b59  ResetISR                             
00000ddc  SHT$$INIT_ARRAY$$Base                
00000de0  SHT$$INIT_ARRAY$$Limit               
00000201  SysCtlClockFreqSet                   
UNDEFED   Timer0IntHandler                     
UNDEFED   Timer1IntHandler                     
00000885  UARTStdioConfig                      
00000b31  UARTprintf                           
00000401  UARTvprintf                          
000009a1  UARTwrite                            
00000b6b  _Z10initMotionv                      
000005f1  _Z12setup_timersv                    
00000945  _Z13ConfigureUARTv                   
UNDEFED   _Z16gcodeExecuteLoopv                
UNDEFED   _Z18execSystemRealtimev              
UNDEFED   _Z9initGCodev                        
UNDEFED   _ZN10Kinematics4initEv               
UNDEFED   _ZN10KinematicsC1Ev                  
UNDEFED   _ZN3PIDC1Ev                          
UNDEFED   _ZN4Axis4readEv                      
UNDEFED   _ZN4Axis5writeERKf                   
20000428  __STACK_END                          
00000100  __STACK_SIZE                         
20000428  __STACK_TOP                          
00000e00  __TI_CINIT_Base                      
00000e10  __TI_CINIT_Limit                     
00000de0  __TI_Handler_Table_Base              
00000dec  __TI_Handler_Table_Limit             
000008e5  __TI_auto_init_nobinit               
0000081d  __TI_decompress_lzss                 
00000b4b  __TI_decompress_none                 
ffffffff  __TI_pprof_out_hndl                  
ffffffff  __TI_prof_data_size                  
ffffffff  __TI_prof_data_start                 
00000000  __TI_static_base__                   
00000b15  __TI_zero_init_nomemset              
00000b6d  __aeabi_idiv0                        
00000b6d  __aeabi_ldiv0                        
00000781  __aeabi_memcpy                       
00000781  __aeabi_memcpy4                      
00000781  __aeabi_memcpy8                      
00000a81  __aeabi_uidiv                        
00000a81  __aeabi_uidivmod                     
ffffffff  __binit__                            
ffffffff  __c_args__                           
UNDEFED   __mpu_init                           
20000328  __stack                              
20000000  __start___llvm_prf_cnts              
00000a39  __sti___21_CNC_ctrlv1_timers_cpp_useZ
20000000  __stop___llvm_prf_cnts               
00000ac1  _c_int00_noargs                      
UNDEFED   _system_post_cinit                   
00000b5f  _system_pre_init                     
00000b63  abort                                
ffffffff  binit                                
00000000  g_pfnVectors                         
200000cc  g_ui32SysClock                       
20000000  kinematics                           
200000d0  leftAxis                             
000006c9  main                                 
00000781  memcpy                               
20000198  rightAxis                            
20000260  zAxis                                


GLOBAL SYMBOLS: SORTED BY Symbol Address 

address   name                                 
-------   ----                                 
00000000  __TI_static_base__                   
00000000  g_pfnVectors                         
00000100  __STACK_SIZE                         
00000201  SysCtlClockFreqSet                   
00000401  UARTvprintf                          
000005f1  _Z12setup_timersv                    
000006c9  main                                 
00000781  __aeabi_memcpy                       
00000781  __aeabi_memcpy4                      
00000781  __aeabi_memcpy8                      
00000781  memcpy                               
0000081d  __TI_decompress_lzss                 
00000885  UARTStdioConfig                      
000008e5  __TI_auto_init_nobinit               
00000945  _Z13ConfigureUARTv                   
000009a1  UARTwrite                            
00000a39  __sti___21_CNC_ctrlv1_timers_cpp_useZ
00000a81  __aeabi_uidiv                        
00000a81  __aeabi_uidivmod                     
00000ac1  _c_int00_noargs                      
00000b15  __TI_zero_init_nomemset              
00000b31  UARTprintf                           
00000b4b  __TI_decompress_none                 
00000b59  ResetISR                             
00000b5f  _system_pre_init                     
00000b63  C$$EXIT                              
00000b63  abort                                
00000b6b  _Z10initMotionv                      
00000b6d  __aeabi_idiv0                        
00000b6d  __aeabi_ldiv0                        
00000ddc  SHT$$INIT_ARRAY$$Base                
00000de0  SHT$$INIT_ARRAY$$Limit               
00000de0  __TI_Handler_Table_Base              
00000dec  __TI_Handler_Table_Limit             
00000e00  __TI_CINIT_Base                      
00000e10  __TI_CINIT_Limit                     
20000000  __start___llvm_prf_cnts              
20000000  __stop___llvm_prf_cnts               
20000000  kinematics                           
200000cc  g_ui32SysClock                       
200000d0  leftAxis                             
20000198  rightAxis                            
20000260  zAxis                                
20000328  __stack                              
20000428  __STACK_END                          
20000428  __STACK_TOP                          
ffffffff  __TI_pprof_out_hndl                  
ffffffff  __TI_prof_data_size                  
ffffffff  __TI_prof_data_start                 
ffffffff  __binit__                            
ffffffff  __c_args__                           
ffffffff  binit                                
UNDEFED   Timer0IntHandler                     
UNDEFED   Timer1IntHandler                     
UNDEFED   _Z16gcodeExecuteLoopv                
UNDEFED   _Z18execSystemRealtimev              
UNDEFED   _Z9initGCodev                        
UNDEFED   _ZN10Kinematics4initEv               
UNDEFED   _ZN10KinematicsC1Ev                  
UNDEFED   _ZN3PIDC1Ev                          
UNDEFED   _ZN4Axis4readEv                      
UNDEFED   _ZN4Axis5writeERKf                   
UNDEFED   __mpu_init                           
UNDEFED   _system_post_cinit                   

[64 symbols]
